-------------
|   |   |   |
-------------
|   |   |   |
-------------
|   |   |   |
-------------

Current piece: x
Enter your move (1-9): 
-------------
|   |   |   |
-------------
|   | x |   |
-------------
|   |   |   |
-------------

Current piece: o
Enter your move (1-9): 
-------------
|   | o |   |
-------------
|   | x |   |
-------------
|   |   |   |
-------------

Current piece: x
Enter your move (1-9): 
-------------
| x | o |   |
-------------
|   | x |   |
-------------
|   |   |   |
-------------

Current piece: o
Enter your move (1-9): 
-------------
| x | o |   |
-------------
|   | x |   |
-------------
|   |   | o |
-------------

Current piece: x
Enter your move (1-9): 
-------------
| x | o |   |
-------------
| x | x |   |
-------------
|   |   | o |
-------------

Current piece: o
Enter your move (1-9): 
-------------
| x | o |   |
-------------
| x | x |   |
-------------
| o |   | o |
-------------

Current piece: x
Enter your move (1-9): 
-------------
| x | o |   |
-------------
| x | x | x |
-------------
| o |   | o |
-------------

X wins!
