[../tests/ui/include-not-found.wa:1:10-1:28] error: unable to read included source file: `../tests/ui/does-not-exist.wa`: No such file or directory (os error 2)

error: aborting due to 1 previous error

