[../tests/ui/include-empty.wa:1:10-1:11] error: unable to read included source file: `../tests/ui/`: Is a directory (os error 21)

error: aborting due to 1 previous error

