Error: Failed to execute instruction at `0x28`

Caused by:
    Invalid memory access: attempt to access `0x1064` when address must be less than `0x1000`
